// Jest Snapshot v1, https://goo.gl/fbAQLP

exports[`should render expense dashboard page correctly 1`] = `
<div>
  <React.Memo />
  <React.Memo />
  <React.Memo />
</div>
`;
