// Jest Snapshot v1, https://goo.gl/fbAQLP

exports[`should render LoginPage Correctly 1`] = `
<div>
  This is a login Page
  <button
    onClick={[Function]}
  >
    Login
  </button>
</div>
`;
